[h1]2019-10-25[/h1]

I am the workout

With Weigth With Planned
100kgs x 2 @ 8 / 100kgs x 2 @ 8
100kgs x 2 @ 8 / 100kgs x 2
100kgs x 2 @ 8 / 100kgs x 2
100kgs x 2 @ 8 /  90kgs x 2 @ 8
Notes: I am the notes

With Weigth Without Planned
100kgs x 2 @ 8
100kgs x 2
100kgs x 2
 90kgs x 2 @ 8
Notes: I am the notes

Without Weight With Planned
2 @ 8 / 2 @ 8
2 @ 8 / 2
2 @ 8 / 2
2 @ 9 / 2 @ 8
Notes: I am the notes

Without Weight Without Planned
2 @ 8
2
2
2 @ 8
Notes: I am the notes
